Semantic Error
Redeclaracao da variavel x
Redeclaracao da variavel x
