Semantic Error
Tipos incompativeis para a atribuicao
