Semantic Error
Condicao invalida - a expressao deve retornar um valor do tipo boolean
Variavel i nao declarada ou nao acessivel neste escopo
Variavel i nao declarada ou nao acessivel neste escopo
