java.lang.ClassCastException: pl747.semantico.DiadOp cannot be cast to pl747.semantico.VarOp
	at pl747.semantico.DiadOp.VerificaSelecao(DiadOp.java:139)
	at pl747.semantico.DiadOp.check(DiadOp.java:431)
	at pl747.semantico.DiadOp.check(DiadOp.java:416)
	at pl747.semantico.DiadOp.check(DiadOp.java:416)
	at pl747.semantico.CompoundStat.check(CompoundStat.java:49)
	at pl747.semantico.FunctionDeclaration.check(FunctionDeclaration.java:164)
	at pl747.semantico.Program.check(Program.java:195)
	at CompilerFacade.compile(CompilerFacade.java:48)
	at Compiler.main(Compiler.java:71)
