Semantic Error
Tipos incompativeis para a operacao.
Condicao invalida - a expressao deve retornar um valor do tipo boolean
Condicao invalida - a expressao deve retornar um valor do tipo boolean
Condicao invalida - a expressao deve retornar um valor do tipo boolean
Condicao invalida - a expressao deve retornar um valor do tipo boolean
