Semantic Error
Tipo invalido no retorno da funcao main
