Semantic Error
Tipo invalido no retorno da funcao isPrime
Condicao invalida - a expressao deve retornar um valor do tipo boolean
