Semantic Error
Tipo nao indexavel
Tipo nao indexavel
