Semantic Error
A funcao mdc necessita 2 parametros, e nao 0
Prototipo da funcao mdc nao implementado
